{
    "asset": "test_asset",
    "comment": "",
    "deadline_publish_job_id": "6540ba7fc27eabc1c1a3d387",
    "fps": 25.0,
    "frameEnd": 1001,
    "frameStart": 1001,
    "instances": [
        {
            "asset": "test_asset",
            "colorspace": null,
            "comment": "",
            "deadlineUrl": "http://127.0.0.1:8082",
            "extendFrames": false,
            "families": [
                "render",
                "review",
                "ftrack"
            ],
            "family": "render",
            "fps": 25.0,
            "frameEnd": 1001,
            "frameEndHandle": 1001,
            "frameStart": 1001,
            "frameStartHandle": 1001,
            "handleEnd": 0,
            "handleStart": 0,
            "inputVersions": [],
            "jobBatchName": "",
            "multipartExr": true,
            "overrideExistingFrame": false,
            "pixelAspect": 1.0,
            "representations": [
                {
                    "colorspaceData": {
                        "colorspace": "scene-linear Rec 709/sRGB",
                        "config": {
                            "path": "C:/Program Files/Autodesk/Maya2024/resources/OCIO-configs/Maya-legacy/config.ocio",
                            "template": "C:/Program Files/Autodesk/Maya2024/resources/OCIO-configs/Maya-legacy/config.ocio"
                        },
                        "display": "legacy",
                        "view": "sRGB gamma"
                    },
                    "ext": "exr",
                    "files": "Main.1001.exr",
                    "fps": 25.0,
                    "frameEnd": 1001,
                    "frameStart": 1001,
                    "name": "exr",
                    "stagingDir": "{root[work]}/test_project/test_asset/work/test_task/renders/maya/test_project_test_asset_workfileTest_task_v001/Main",
                    "tags": [
                        "review"
                    ]
                }
            ],
            "resolutionHeight": 1080,
            "resolutionWidth": 1920,
            "review": true,
            "source": "{root[work]}/test_project/test_asset/work/test_task/test_project_test_asset_test_task_v001.ma",
            "stagingDir_persistent": false,
            "subset": "renderMain_beauty",
            "subsetGroup": "renderMain",
            "useSequenceForReview": true
        }
    ],
    "intent": null,
    "job": {
        "Aux": [],
        "Bad": [],
        "ComFra": 0,
        "CompletedChunks": 0,
        "ConcurrencyToken": null,
        "DataSize": -1,
        "Date": "2023-10-31T08:27:42.9465949+00:00",
        "DateComp": "0001-01-01T00:00:00Z",
        "DateStart": "0001-01-01T00:00:00Z",
        "Errs": 0,
        "ExtraElements": null,
        "FailedChunks": 0,
        "IsSub": false,
        "Mach": "DESKTOP-969549J",
        "Main": false,
        "MainEnd": 0,
        "MainStart": 0,
        "OutDir": [
            "C:/Users/TOKEJE~1/AppData/Local/Temp/tmpcjp1zvgv/output/test_project/test_asset/work/test_task/renders/maya/test_project_test_asset_workfileTest_task_v001/Main"
        ],
        "OutFile": [
            "Main.1001.exr"
        ],
        "PendingChunks": 0,
        "Plug": "MayaBatch",
        "Props": {
            "AWSPortalAssetFileWhitelist": [],
            "AWSPortalAssets": [],
            "AutoTime": false,
            "AuxSync": false,
            "Batch": "test_project_test_asset_test_task_v001.ma31102023082742",
            "Chunk": 1,
            "Cmmt": "",
            "Conc": 1,
            "ConcLimt": true,
            "Dep": [],
            "DepComp": true,
            "DepDel": false,
            "DepFail": false,
            "DepFrame": false,
            "DepFrameEnd": 0,
            "DepFrameStart": 0,
            "DepPer": -1.0,
            "Dept": "",
            "Env": {
                "AVALON_APP_NAME": "maya/2024",
                "AVALON_ASSET": "test_asset",
                "AVALON_PROJECT": "test_project",
                "AVALON_TASK": "test_task",
                "FTRACK_SERVER": "https://pype.ftrackapp.com",
                "OPENPYPE_LOG_NO_COLORS": "1",
                "OPENPYPE_MONGO": "mongodb://localhost:2707/",
                "OPENPYPE_RENDER_JOB": "1"
            },
            "EnvOnly": false,
            "EventDir": "",
            "EventOI": [],
            "Ex0": "",
            "Ex1": "",
            "Ex2": "",
            "Ex3": "",
            "Ex4": "",
            "Ex5": "",
            "Ex6": "",
            "Ex7": "",
            "Ex8": "",
            "Ex9": "",
            "ExDic": {},
            "FrameTimeout": false,
            "Frames": "1001",
            "FriStart": "-10675199.02:48:05.4775808",
            "FriStop": "-10675199.02:48:05.4775808",
            "Grp": "none",
            "InitializePluginTime": 0,
            "Int": false,
            "IntPer": 100,
            "JobFailErr": 0,
            "JobFailOvr": false,
            "Limits": [],
            "ListedSlaves": [],
            "MachLmt": 0,
            "MachLmtProg": -1.0,
            "MaxTime": 0,
            "MinTime": 0,
            "MonStart": "-10675199.02:48:05.4775808",
            "MonStop": "-10675199.02:48:05.4775808",
            "Name": "test_project_test_asset_test_task_v001.ma31102023082742 - renderMain",
            "NoBad": false,
            "NoEvnt": false,
            "NotEmail": [],
            "NotNote": "",
            "NotOvr": false,
            "NotUser": [
                "tokejepsen"
            ],
            "OnComp": 2,
            "OptIns": {},
            "OverAutoClean": false,
            "OverClean": false,
            "OverCleanDays": 0,
            "OverCleanType": 1,
            "OvrTaskEINames": false,
            "PathMap": [],
            "PlugDir": "",
            "PlugInfo": {
                "OutputFilePath": "C:/Users/TOKEJE~1/AppData/Local/Temp/tmpcjp1zvgv/output/test_project/test_asset/work/test_task/renders/maya",
                "OutputFilePrefix": "<Scene>/<RenderLayer>/<RenderLayer>",
                "ProjectPath": "C:\\Users\\TOKEJE~1\\AppData\\Local\\Temp\\tmpcjp1zvgv\\output\\test_project\\test_asset\\work\\test_task",
                "RenderLayer": "rs_Main",
                "RenderSetupIncludeLights": "True",
                "Renderer": "arnold",
                "SceneFile": "C:\\Users\\TOKEJE~1\\AppData\\Local\\Temp\\tmpcjp1zvgv\\output\\test_project\\test_asset\\publish\\workfile\\workfileTest_task\\v001\\test_project_test_asset_workfileTest_task_v001.ma",
                "StrictErrorChecking": "True",
                "UsingRenderLayers": "True",
                "Version": "2024"
            },
            "PoJobScrp": "",
            "PoTskScrp": "",
            "Pool": "none",
            "PrJobScrp": "",
            "PrTskScrp": "",
            "Pri": 50,
            "Protect": false,
            "Region": "",
            "Reload": false,
            "RemTmT": 0,
            "ReqAss": [
                {
                    "EndOffset": 0,
                    "FileName": "C:\\Users\\TOKEJE~1\\AppData\\Local\\Temp\\tmpcjp1zvgv\\output\\test_project\\test_asset\\publish\\workfile\\workfileTest_task\\v001\\test_project_test_asset_workfileTest_task_v001.ma",
                    "FrameString": "",
                    "IgnoreFrameOffsets": false,
                    "IsFrameAware": false,
                    "Notes": "",
                    "OverrideFrameOffsets": false,
                    "StartOffset": 0
                }
            ],
            "SatStart": "-10675199.02:48:05.4775808",
            "SatStop": "-10675199.02:48:05.4775808",
            "Schd": 0,
            "SchdDate": "2023-10-31T08:27:42.9465593+00:00",
            "SchdDays": 1,
            "SchdStop": "0001-01-01T00:00:00Z",
            "ScrDep": [],
            "SecPool": "none",
            "Seq": false,
            "SndEmail": false,
            "SndPopup": false,
            "SndWarn": true,
            "StartTime": 0,
            "SunStart": "-10675199.02:48:05.4775808",
            "SunStop": "-10675199.02:48:05.4775808",
            "TaskEx0": "",
            "TaskEx1": "",
            "TaskEx2": "",
            "TaskEx3": "",
            "TaskEx4": "",
            "TaskEx5": "",
            "TaskEx6": "",
            "TaskEx7": "",
            "TaskEx8": "",
            "TaskEx9": "",
            "Tasks": 1,
            "ThuStart": "-10675199.02:48:05.4775808",
            "ThuStop": "-10675199.02:48:05.4775808",
            "TimeScrpt": false,
            "Timeout": 1,
            "TskFailErr": 0,
            "TskFailOvr": false,
            "TueStart": "-10675199.02:48:05.4775808",
            "TueStop": "-10675199.02:48:05.4775808",
            "User": "tokejepsen",
            "WedStart": "-10675199.02:48:05.4775808",
            "WedStop": "-10675199.02:48:05.4775808",
            "White": false
        },
        "Purged": false,
        "QueuedChunks": 0,
        "RenderingChunks": 0,
        "SnglTskPrg": "0 %",
        "Stat": 6,
        "SuspendedChunks": 0,
        "Tile": false,
        "TileCount": 0,
        "TileFile": [],
        "TileFrame": 0,
        "TileX": 0,
        "TileY": 0,
        "_id": "6540ba7ec27eabc1c1a3d386"
    },
    "session": {
        "AVALON_APP": "maya",
        "AVALON_ASSET": "test_asset",
        "AVALON_DB": "avalon_tests",
        "AVALON_LABEL": "OpenPype",
        "AVALON_PROJECT": "test_project",
        "AVALON_PROJECTS": "",
        "AVALON_SCENEDIR": "",
        "AVALON_TASK": "test_task",
        "AVALON_TIMEOUT": "3000",
        "AVALON_WORKDIR": "C:\\Users\\TOKEJE~1\\AppData\\Local\\Temp\\tmpcjp1zvgv\\output\\test_project\\test_asset\\work\\test_task",
        "schema": "openpype:session-3.0"
    },
    "source": "{root[work]}/test_project/test_asset/work/test_task/test_project_test_asset_test_task_v001.ma",
    "user": "tokejepsen",
    "version": 1
}
